// Jest Snapshot v1, https://goo.gl/fbAQLP

exports[`Menu should match the snapshot 1`] = `
<div
  className="heading"
>
  <h1>
    What's
    <span>
      New?
    </span>
  </h1>
  <nav>
    <button
      className="menu__btn"
      name="local"
      onClick={[Function]}
      type="submit"
    >
      Local News
      <MdLocationOn />
    </button>
    <button
      className="menu__btn"
      name="technology"
      onClick={[Function]}
      type="submit"
    >
      Technology
      <GiLightBulb />
    </button>
    <button
      className="menu__btn"
      name="entertainment"
      onClick={[Function]}
      type="submit"
    >
      Entertainment 
      <MdLocalMovies />
    </button>
    <button
      className="menu__btn"
      name="science"
      onClick={[Function]}
      type="submit"
    >
      Science
      <IoIosRocket />
    </button>
    <button
      className="menu__btn"
      name="health"
      onClick={[Function]}
      type="submit"
    >
      Health
      <GiHeartBeats />
    </button>
  </nav>
</div>
`;
